EESchema (20080528 SVN-R1106)  >> Creation date: 29/5/2008-14:36:02

#Cmp ( order = Reference )
| C1         100uf       ; 2mmradial   
| C2         1uf         ; 0402        
| C3         10uf        ; 0603        
| C4         0.1uf       ; 0402        
| C5         0.1uf       ; 0402        
| C6         0.1uf       ; 0402        
| C7         0.1uf       ; 0402        
| C8         0.1uf       ; 0402        
| C9         0.1uf       ; 0402        
| C10        0.1uf       ; 0402        
| C11        0.1uf       ; 0402        
| C12        10uf        ; 0603        
| C13        10uf        ; 0603        
| C14        10uf        ; 0805        
| C15        0.1uf       ; 0402        
| C16        0.1uf       ; 0402        
| C17        1uf         ; 0402        
| C18        2nf         ; 0402        
| C19        6.8nf       ; 0402        
| C20        6.8nf       ; 0402        
| C21        1uf         ; 0402        
| C22        0.01uf      ; 0402        
| C23        0.022uf     ; 0402        
| C24        0.1uf       ; 0402        
| C25        1uf         ; 0402        
| C26        0.1uf       ; 0402        
| C27        10uf        ; 0603        
| C28        0.1uf       ; 0402        
| C29        0.1uf       ; 0402        
| C30        10uf        ; 0603        
| C31        2nf         ; 0402        
| C32        10uf        ; 0603        
| C33        0.1uf       ; 0402        
| C34        0.1uf       ; 0402        
| C35        0.1uf       ; 0402        
| C36        10uf        ; 0603        
| C37        0.01uf      ; 0402        
| C38        0.001uf     ; 0402        
| C39        0.01uf      ; 0402        
| C40        0.01uf      ; 0402        
| C41        0.1uf       ; 0402        
| C42        10uf        ; 0805        
| C43        0.01uf      ; 0402        
| C44        10uf        ; 0603        
| C45        0.1uf       ; 0402        
| C46        0.1uf       ; 0402        
| C47        0.1uf       ; 0402        
| C48        0.1uf       ; 0402        
| C49        0.1uf       ; 0402        
| C50        10uf        ; 0603        
| C51        0.001uf     ; 0402        
| C52        0.1uf       ; 0402        
| C53        0.1uf       ; 0402        
| C54        0.01uf      ; 0402        
| C55        0.01uf      ; 0402        
| C56        1uf         ; 0402        
| C57        1uf         ; 0402        
| C58        1uf         ; 0402        
| C59        0.01uf      ; 0402        
| C60        0.01uf      ; 0402        
| C61        0.1uf       ; 0402        
| C62        0.01uf      ; 0402        
| C63        10uf        ; 0805        
| C64        2nf         ; 0402        
| C65        1uf         ; 0402        
| C66        1uf         ; 0402        
| C67        7pf         ; 0402        
| C68        100uf       ; 2mmradial   
| C69        1uf         ; 0402        
| C70        7pf         ; 0402        
| C71        1uf         ; 0402        
| C72        0.1uf       ; 0402        
| C73        1uf         ; 0402        
| C74        2nf         ; 0402        
| C75        100uf       ; 2mmradial   
| C76        10uf        ; 0805        
| C77        100uf       ; 2mmradial   
| C78        1uf         ; 0402        
| C79        1uf         ; 0402        
| C80        18pf        ; 0402        
| C81        1uf         ; 0402        
| C82        18pf        ; 0402        
| C83        0.1uf       ; 0402        
| C84        1uf         ; 0402        
| C85        0.01uf      ; 0402        
| C86        1uf         ; 0402        
| C87        0.1uf       ; 0402        
| C88        100uf       ; 2mmradial   
| C89        0.1uf       ; 0402        
| C90        10uf tant   ; 0805        
| C91        1uf         ; 0402        
| C92        10uf tant   ; 0805        
| C93        1uf         ; 0402        
| C94        1uf         ; 0402        
| C95        1uf         ; 0402        
| C96        1uf         ; 0402        
| C97        1uf         ; 0402        
| C98        1uf         ; 0402        
| C99        1uf         ; 0402        
| C100       1uf         ; 0402        
| C101       1uf         ; 0402        
| C102       1uf         ; 0402        
| C103       1uf         ; 0402        
| C104       1uf         ; 0402        
| C105       0.47uf      ; 0402        
| C106       0.47uf      ; 0402        
| C107       0.47uf      ; 0402        
| C108       0.47uf      ; 0402        
| C109       0.15uf      ; 0402        
| C110       0.15uf      ; 0402        
| C111       0.1uf       ; 0402        
| C112       0.1uf       ; 0402        
| C113       0.01uf      ; 0402        
| C114       0.01uf      ; 0402        
| C115       1uf         ; 0402        
| C116       1uf         ; 0402        
| C117       1uf         ; 0402        
| C118       0.47uf      ; 0402        
| C119       0.47uf      ; 0402        
| C120       0.47uf      ; 0402        
| C121       0.47uf      ; 0402        
| C122       0.15uf      ; 0402        
| C123       0.15uf      ; 0402        
| C124       0.1uf       ; 0402        
| C125       0.1uf       ; 0402        
| C126       0.01uf      ; 0402        
| C127       0.01uf      ; 0402        
| C128       1uf         ; 0402        
| C129       1uf         ; 0402        
| C130       1uf         ; 0402        
| C131       0.47uf      ; 0402        
| C132       0.47uf      ; 0402        
| C133       0.47uf      ; 0402        
| C134       0.47uf      ; 0402        
| C135       0.15uf      ; 0402        
| C136       0.15uf      ; 0402        
| C137       0.1uf       ; 0402        
| C138       0.1uf       ; 0402        
| C139       0.01uf      ; 0402        
| C140       0.01uf      ; 0402        
| C141       1uf         ; 0402        
| C142       1uf         ; 0402        
| C143       1uf         ; 0402        
| C144       0.47uf      ; 0402        
| C145       0.47uf      ; 0402        
| C146       0.47uf      ; 0402        
| C147       0.47uf      ; 0402        
| C148       0.15uf      ; 0402        
| C149       0.15uf      ; 0402        
| C150       0.1uf       ; 0402        
| C151       0.1uf       ; 0402        
| C152       0.01uf      ; 0402        
| C153       0.01uf      ; 0402        
| C154       1uf         ; 0402        
| C155       1uf         ; 0402        
| C156       1uf         ; 0402        
| C157       0.47uf      ; 0402        
| C158       0.47uf      ; 0402        
| C159       0.47uf      ; 0402        
| C160       0.47uf      ; 0402        
| C161       0.15uf      ; 0402        
| C162       0.15uf      ; 0402        
| C163       0.1uf       ; 0402        
| C164       0.1uf       ; 0402        
| C165       0.01uf      ; 0402        
| C166       0.01uf      ; 0402        
| C167       1uf         ; 0402        
| C168       1uf         ; 0402        
| C169       1uf         ; 0402        
| C170       0.47uf      ; 0402        
| C171       0.47uf      ; 0402        
| C172       0.47uf      ; 0402        
| C173       0.47uf      ; 0402        
| C174       0.15uf      ; 0402        
| C175       0.15uf      ; 0402        
| C176       0.1uf       ; 0402        
| C177       0.1uf       ; 0402        
| C178       0.01uf      ; 0402        
| C179       0.01uf      ; 0402        
| C180       1uf         ; 0402        
| C181       1uf         ; 0402        
| C182       1uf         ; 0402        
| C183       0.47uf      ; 0402        
| C184       0.47uf      ; 0402        
| C185       0.47uf      ; 0402        
| C186       0.47uf      ; 0402        
| C187       0.15uf      ; 0402        
| C188       0.15uf      ; 0402        
| C189       0.1uf       ; 0402        
| C190       0.1uf       ; 0402        
| C191       0.01uf      ; 0402        
| C192       0.01uf      ; 0402        
| C193       1uf         ; 0402        
| C194       1uf         ; 0402        
| C195       1uf         ; 0402        
| C196       0.47uf      ; 0402        
| C197       0.47uf      ; 0402        
| C198       0.47uf      ; 0402        
| C199       0.47uf      ; 0402        
| C200       0.15uf      ; 0402        
| C201       0.15uf      ; 0402        
| C202       0.1uf       ; 0402        
| C203       0.1uf       ; 0402        
| C204       0.01uf      ; 0402        
| C205       0.01uf      ; 0402        
| C206       1uf         ; 0402        
| C207       1uf         ; 0402        
| C208       1uf         ; 0402        
| C209       0.1uf       ; 0402        
| C210       1uf         ; 0402        
| C211       1uf         ; 0402        
| C212       1uf         ; 0402        
| C213       10uf        ; 0805        
| C214       10uf        ; 0805        
| C215       0.1uf       ; 0402        
| D1         uclamp0501H ; SOD-523     
| D2         uclamp0501H ; SOD-523     
| D3         uclamp0501H ; SOD-523     
| D4         uclamp0501H ; SOD-523     
| D5         LED         ; 0603        
| D6         LED         ; 0603        
| D7         uclamp0501H ; SOD-523     
| D8         uclamp0501H ; SOD-523     
| D9         uclamp0501H ; SOD-523     
| D10        UCLAMP33    ; SOD-323     
| D11        UCLAMP33    ; SOD-323     
| D12        ZENER       ; 0603        
| F1         F2110       ; 1206        
| L1         3.3uh       ; 1210        
| L2         ferrite     ; 0603        
| L3         3.3uh       ; 1210        
| L4         ferrite     ; 0603        
| L5         33uh        ; ELL6        
| L6         6.8uh       ; 1008        
| L7         ferrite     ; 0603        
| Q1         NDDS336P    ; SOT-23      
| Q2         NDS336P     ; SOT-23      
| Q3         NDS336P     ; SOT-23      
| R1         10k         ; 0402        
| R2         100k        ; 0402        
| R3         30k         ; 0402        
| R4         10k         ; 0402        
| R5         10k         ; 0402        
| R6         10k         ; 0402        
| R7         50k         ; 0402        
| R8         270         ; 0402        
| R9         25          ; 0402        
| R10        270         ; 0402        
| R11        25          ; 0402        
| R12        50          ; 0402        
| R13        100k        ; 0402        
| R14        10          ; 0402        
| R15        50          ; 0402        
| R16        50          ; 0402        
| R17        50          ; 0402        
| R18        5k          ; 0402        
| R19        10k         ; 0402        
| R20        12.4k       ; 0603        
| R21        10k         ; 0402        
| R22        180         ; 0402        
| R23        50k         ; 0402        
| R24        500k        ; 0402        
| R25        180         ; 0402        
| R26        10k         ; 0402        
| R27        10k         ; 0402        
| R28        10k         ; 0402        
| R29        10k         ; 0402        
| R30        10k         ; 0402        
| R31        1.5k        ; 0402        
| R33        180k        ; 0402        
| R35        100k        ; 0402        
| R36        10k         ; 0402        
| R37        2.2k        ; 0402        
| R38        500k        ; 0402        
| R39        10k         ; 0402        
| R40        2.2k        ; 0402        
| R41        10k         ; 0402        
| R42        50k         ; 0402        
| R43        10k         ; 0402        
| R44        100k        ; 0402        
| R45        33          ; 0402        
| R46        500k        ; 0402        
| R47        180k        ; 0402        
| R49        82k         ; 0402        
| R50        82k         ; 0402        
| R51        50k         ; 0402        
| R52        500         ; 0402        
| R53        500k        ; 0402        
| R54        100k        ; 0402        
| R55        33          ; 0402        
| R56        33          ; 0402        
| R57        3.3k        ; 0402        
| R58        10k         ; 0402        
| R59        10k         ; 0402        
| R60        58k         ; 0402        
| R61        58k         ; 0402        
| R62        3.3k        ; 0402        
| R63        3.3k        ; 0402        
| R64        100k        ; 0402        
| R65        100k        ; 0402        
| R66        820k        ; 0402        
| R67        820k        ; 0402        
| R68        5.6k        ; 0402        
| R69        5.6k        ; 0402        
| R70        4.5k        ; 0402        
| R71        4.5k        ; 0402        
| R72        22k         ; 0402        
| R73        22k         ; 0402        
| R74        10k         ; 0402        
| R75        10k         ; 0402        
| R76        58k         ; 0402        
| R77        58k         ; 0402        
| R78        3.3k        ; 0402        
| R79        3.3k        ; 0402        
| R80        100k        ; 0402        
| R81        100k        ; 0402        
| R82        820k        ; 0402        
| R83        820k        ; 0402        
| R84        5.6k        ; 0402        
| R85        5.6k        ; 0402        
| R86        4.5k        ; 0402        
| R87        4.5k        ; 0402        
| R88        22k         ; 0402        
| R89        22k         ; 0402        
| R90        10k         ; 0402        
| R91        10k         ; 0402        
| R92        58k         ; 0402        
| R93        58k         ; 0402        
| R94        3.3k        ; 0402        
| R95        3.3k        ; 0402        
| R96        100k        ; 0402        
| R97        100k        ; 0402        
| R98        820k        ; 0402        
| R99        820k        ; 0402        
| R100       5.6k        ; 0402        
| R101       5.6k        ; 0402        
| R102       4.5k        ; 0402        
| R103       4.5k        ; 0402        
| R104       22k         ; 0402        
| R105       22k         ; 0402        
| R106       10k         ; 0402        
| R107       10k         ; 0402        
| R108       58k         ; 0402        
| R109       58k         ; 0402        
| R110       3.3k        ; 0402        
| R111       3.3k        ; 0402        
| R112       100k        ; 0402        
| R113       100k        ; 0402        
| R114       820k        ; 0402        
| R115       820k        ; 0402        
| R116       5.6k        ; 0402        
| R117       5.6k        ; 0402        
| R118       4.5k        ; 0402        
| R119       4.5k        ; 0402        
| R120       22k         ; 0402        
| R121       22k         ; 0402        
| R122       10k         ; 0402        
| R123       10k         ; 0402        
| R124       58k         ; 0402        
| R125       58k         ; 0402        
| R126       3.3k        ; 0402        
| R127       3.3k        ; 0402        
| R128       100k        ; 0402        
| R129       100k        ; 0402        
| R130       820k        ; 0402        
| R131       820k        ; 0402        
| R132       5.6k        ; 0402        
| R133       5.6k        ; 0402        
| R134       4.5k        ; 0402        
| R135       4.5k        ; 0402        
| R136       22k         ; 0402        
| R137       22k         ; 0402        
| R138       10k         ; 0402        
| R139       10k         ; 0402        
| R140       58k         ; 0402        
| R141       58k         ; 0402        
| R142       3.3k        ; 0402        
| R143       3.3k        ; 0402        
| R144       100k        ; 0402        
| R145       100k        ; 0402        
| R146       820k        ; 0402        
| R147       820k        ; 0402        
| R148       5.6k        ; 0402        
| R149       5.6k        ; 0402        
| R150       4.5k        ; 0402        
| R151       4.5k        ; 0402        
| R152       22k         ; 0402        
| R153       22k         ; 0402        
| R154       10k         ; 0402        
| R155       10k         ; 0402        
| R156       58k         ; 0402        
| R157       58k         ; 0402        
| R158       3.3k        ; 0402        
| R159       3.3k        ; 0402        
| R160       100k        ; 0402        
| R161       100k        ; 0402        
| R162       820k        ; 0402        
| R163       820k        ; 0402        
| R164       5.6k        ; 0402        
| R165       5.6k        ; 0402        
| R166       4.5k        ; 0402        
| R167       4.5k        ; 0402        
| R168       22k         ; 0402        
| R169       22k         ; 0402        
| R170       10k         ; 0402        
| R171       10k         ; 0402        
| R172       58k         ; 0402        
| R173       58k         ; 0402        
| R174       3.3k        ; 0402        
| R175       3.3k        ; 0402        
| R176       100k        ; 0402        
| R177       100k        ; 0402        
| R178       820k        ; 0402        
| R179       820k        ; 0402        
| R180       5.6k        ; 0402        
| R181       5.6k        ; 0402        
| R182       4.5k        ; 0402        
| R183       4.5k        ; 0402        
| R184       22k         ; 0402        
| R185       22k         ; 0402        
| R186       1.5k        ; 0402        
| R187       10k         ; 0402        
| R188       56.2        ; 0402        
| R189       25          ; 0402        
| R190       25          ; 0402        
| R191       500k        ; 0402        
| U1         TESTCON     ; 7x100mil    
| U2         JUMP        ; 2x100mil    
| U3         74LV594ADBR ; TSSOP-16    
| U4         74LCX541    ; TSSOP-20    
| U5         FAN2001     ; MLP-6       
| U6         NRF24L01-BREAK; 8x100mil    
| U7         ADM6713     ; SC-70-4     
| U8         AT45DB081D  ; SOIC-8      
| U9         SFE-MAGJACK ; SFE-MAGJACK 
| U10        MT48LC16M16A2; VFBGA-54    
| U11        FAN2001     ; MLP-6       
| U12        ADM3202     ; TSSOP-16    
| U13        FDV301N     ; SOT-23      
| U14        RS232_CON   ; DB9         
| U15        LAN83C185   ; TQFP-64     
| U16        BF534/6/7   ; MBGA-182    
| U17        10X100      ; 11x100mil   
| U18        74LCX541    ; TSSOP-20    
| U19        ADSP_JTAG_CON; 7x2x100     
| U20        10X100      ; 11x100mil   
| U21        ABM10XTAL   ; ABM10       
| U22        74LCX541    ; TSSOP-20    
| U23        BAT54S      ; SOT-23      
| U24        BAT54S      ; SOT-23      
| U25        NXT_CONN    ; NXT_CONN    
| U26        BAT54A      ; SOT-23      
| U27        S8354MC     ; SOT-23-5    
| U28        CAT32TDI    ; SOT-23-6    
| U29        MAX3421E    ; TQFP-32     
| U30        JUMP        ; 2x100mil    
| U31        BAT54A      ; SOT-23      
| U32        BAT54A      ; SOT-23      
| U34        SPI_LCD     ; HIROSE-10   
| U35        FCI_USB_B   ; FCI_USB_A   
| U36        8X2X100     ; 2x8x100mil  
| U37        8X2X100     ; 2x8x100mil  
| U39        ADUM2400    ; SOICW-16    
| U40        ADUM2400    ; SOICW-16    
| U42        ZR4040-2.5  ; SOT-23      
| U43        JUMP        ; 2x100mil    
| U44        8X100       ; 8x100mil    
| U45        BAT54S      ; SOT-23      
| U46        78250M      ; 78250       
| U47        MAX253      ; SOIC-8      
| U48        BAT54S      ; SOT-23      
| U49        JUMP        ; 2x100mil    
| U50        MNR18       ; 0603x8      
| U51        MCP3304     ; SOIC-16     
| U52        MNR18       ; 0603x8      
| U53        MCP3304     ; SOIC-16     
| U54        MNR18       ; 0603x8      
| U55        MCP3304     ; SOIC-16     
| U56        MNR18       ; 0603x8      
| U57        MCP3304     ; SOIC-16     
| U58        BC847BPN    ; SOT-363     
| U59        BC847BPN    ; SOT-363     
| U60        BC847BPN    ; SOT-363     
| U61        BC847BPN    ; SOT-363     
| U62        INA2322     ; TSSOP-14    
| U63        OPA4348     ; TSSOP-14    
| U64        BC847BPN    ; SOT-363     
| U65        BC847BPN    ; SOT-363     
| U66        BC847BPN    ; SOT-363     
| U67        BC847BPN    ; SOT-363     
| U68        INA2322     ; TSSOP-14    
| U69        OPA4348     ; TSSOP-14    
| U70        BC847BPN    ; SOT-363     
| U71        BC847BPN    ; SOT-363     
| U72        BC847BPN    ; SOT-363     
| U73        BC847BPN    ; SOT-363     
| U74        INA2322     ; TSSOP-14    
| U75        OPA4348     ; TSSOP-14    
| U76        BC847BPN    ; SOT-363     
| U77        BC847BPN    ; SOT-363     
| U78        BC847BPN    ; SOT-363     
| U79        BC847BPN    ; SOT-363     
| U80        INA2322     ; TSSOP-14    
| U81        OPA4348     ; TSSOP-14    
| U82        BC847BPN    ; SOT-363     
| U83        BC847BPN    ; SOT-363     
| U84        BC847BPN    ; SOT-363     
| U85        BC847BPN    ; SOT-363     
| U86        INA2322     ; TSSOP-14    
| U87        OPA4348     ; TSSOP-14    
| U88        BC847BPN    ; SOT-363     
| U89        BC847BPN    ; SOT-363     
| U90        BC847BPN    ; SOT-363     
| U91        BC847BPN    ; SOT-363     
| U92        INA2322     ; TSSOP-14    
| U93        OPA4348     ; TSSOP-14    
| U94        BC847BPN    ; SOT-363     
| U95        BC847BPN    ; SOT-363     
| U96        BC847BPN    ; SOT-363     
| U97        BC847BPN    ; SOT-363     
| U98        INA2322     ; TSSOP-14    
| U99        OPA4348     ; TSSOP-14    
| U100       BC847BPN    ; SOT-363     
| U101       BC847BPN    ; SOT-363     
| U102       BC847BPN    ; SOT-363     
| U103       BC847BPN    ; SOT-363     
| U104       INA2322     ; TSSOP-14    
| U105       OPA4348     ; TSSOP-14    
| U106       NX3225SA    ; NDK_XTAL    
| U107       REG101      ; SOIC-8      
| U108       BAT54A      ; SOT-23      
| U109       TLE2426     ; SOIC-8      
| U110       JUMP        ; 2x100mil    
| U111       JUMP        ; 2x100mil    
| U112       JUMP        ; 2x100mil    
#End Cmp

#Cmp ( order = Value )
| 0.001uf      C38       ; 0402        
| 0.001uf      C51       ; 0402        
| 0.01uf       C22       ; 0402        
| 0.01uf       C37       ; 0402        
| 0.01uf       C39       ; 0402        
| 0.01uf       C40       ; 0402        
| 0.01uf       C43       ; 0402        
| 0.01uf       C54       ; 0402        
| 0.01uf       C55       ; 0402        
| 0.01uf       C59       ; 0402        
| 0.01uf       C60       ; 0402        
| 0.01uf       C62       ; 0402        
| 0.01uf       C85       ; 0402        
| 0.01uf       C113      ; 0402        
| 0.01uf       C114      ; 0402        
| 0.01uf       C126      ; 0402        
| 0.01uf       C127      ; 0402        
| 0.01uf       C139      ; 0402        
| 0.01uf       C140      ; 0402        
| 0.01uf       C152      ; 0402        
| 0.01uf       C153      ; 0402        
| 0.01uf       C165      ; 0402        
| 0.01uf       C166      ; 0402        
| 0.01uf       C178      ; 0402        
| 0.01uf       C179      ; 0402        
| 0.01uf       C191      ; 0402        
| 0.01uf       C192      ; 0402        
| 0.01uf       C204      ; 0402        
| 0.01uf       C205      ; 0402        
| 0.022uf      C23       ; 0402        
| 0.15uf       C109      ; 0402        
| 0.15uf       C110      ; 0402        
| 0.15uf       C122      ; 0402        
| 0.15uf       C123      ; 0402        
| 0.15uf       C135      ; 0402        
| 0.15uf       C136      ; 0402        
| 0.15uf       C148      ; 0402        
| 0.15uf       C149      ; 0402        
| 0.15uf       C161      ; 0402        
| 0.15uf       C162      ; 0402        
| 0.15uf       C174      ; 0402        
| 0.15uf       C175      ; 0402        
| 0.15uf       C187      ; 0402        
| 0.15uf       C188      ; 0402        
| 0.15uf       C200      ; 0402        
| 0.15uf       C201      ; 0402        
| 0.1uf        C4        ; 0402        
| 0.1uf        C5        ; 0402        
| 0.1uf        C6        ; 0402        
| 0.1uf        C7        ; 0402        
| 0.1uf        C8        ; 0402        
| 0.1uf        C9        ; 0402        
| 0.1uf        C10       ; 0402        
| 0.1uf        C11       ; 0402        
| 0.1uf        C15       ; 0402        
| 0.1uf        C16       ; 0402        
| 0.1uf        C24       ; 0402        
| 0.1uf        C26       ; 0402        
| 0.1uf        C28       ; 0402        
| 0.1uf        C29       ; 0402        
| 0.1uf        C33       ; 0402        
| 0.1uf        C34       ; 0402        
| 0.1uf        C35       ; 0402        
| 0.1uf        C41       ; 0402        
| 0.1uf        C45       ; 0402        
| 0.1uf        C46       ; 0402        
| 0.1uf        C47       ; 0402        
| 0.1uf        C48       ; 0402        
| 0.1uf        C49       ; 0402        
| 0.1uf        C52       ; 0402        
| 0.1uf        C53       ; 0402        
| 0.1uf        C61       ; 0402        
| 0.1uf        C72       ; 0402        
| 0.1uf        C83       ; 0402        
| 0.1uf        C87       ; 0402        
| 0.1uf        C89       ; 0402        
| 0.1uf        C111      ; 0402        
| 0.1uf        C112      ; 0402        
| 0.1uf        C124      ; 0402        
| 0.1uf        C125      ; 0402        
| 0.1uf        C137      ; 0402        
| 0.1uf        C138      ; 0402        
| 0.1uf        C150      ; 0402        
| 0.1uf        C151      ; 0402        
| 0.1uf        C163      ; 0402        
| 0.1uf        C164      ; 0402        
| 0.1uf        C176      ; 0402        
| 0.1uf        C177      ; 0402        
| 0.1uf        C189      ; 0402        
| 0.1uf        C190      ; 0402        
| 0.1uf        C202      ; 0402        
| 0.1uf        C203      ; 0402        
| 0.1uf        C209      ; 0402        
| 0.1uf        C215      ; 0402        
| 0.47uf       C105      ; 0402        
| 0.47uf       C106      ; 0402        
| 0.47uf       C107      ; 0402        
| 0.47uf       C108      ; 0402        
| 0.47uf       C118      ; 0402        
| 0.47uf       C119      ; 0402        
| 0.47uf       C120      ; 0402        
| 0.47uf       C121      ; 0402        
| 0.47uf       C131      ; 0402        
| 0.47uf       C132      ; 0402        
| 0.47uf       C133      ; 0402        
| 0.47uf       C134      ; 0402        
| 0.47uf       C144      ; 0402        
| 0.47uf       C145      ; 0402        
| 0.47uf       C146      ; 0402        
| 0.47uf       C147      ; 0402        
| 0.47uf       C157      ; 0402        
| 0.47uf       C158      ; 0402        
| 0.47uf       C159      ; 0402        
| 0.47uf       C160      ; 0402        
| 0.47uf       C170      ; 0402        
| 0.47uf       C171      ; 0402        
| 0.47uf       C172      ; 0402        
| 0.47uf       C173      ; 0402        
| 0.47uf       C183      ; 0402        
| 0.47uf       C184      ; 0402        
| 0.47uf       C185      ; 0402        
| 0.47uf       C186      ; 0402        
| 0.47uf       C196      ; 0402        
| 0.47uf       C197      ; 0402        
| 0.47uf       C198      ; 0402        
| 0.47uf       C199      ; 0402        
| 1.5k         R31       ; 0402        
| 1.5k         R186      ; 0402        
| 10           R14       ; 0402        
| 100k         R2        ; 0402        
| 100k         R13       ; 0402        
| 100k         R35       ; 0402        
| 100k         R44       ; 0402        
| 100k         R54       ; 0402        
| 100k         R64       ; 0402        
| 100k         R65       ; 0402        
| 100k         R80       ; 0402        
| 100k         R81       ; 0402        
| 100k         R96       ; 0402        
| 100k         R97       ; 0402        
| 100k         R112      ; 0402        
| 100k         R113      ; 0402        
| 100k         R128      ; 0402        
| 100k         R129      ; 0402        
| 100k         R144      ; 0402        
| 100k         R145      ; 0402        
| 100k         R160      ; 0402        
| 100k         R161      ; 0402        
| 100k         R176      ; 0402        
| 100k         R177      ; 0402        
| 100uf        C1        ; 2mmradial   
| 100uf        C68       ; 2mmradial   
| 100uf        C75       ; 2mmradial   
| 100uf        C77       ; 2mmradial   
| 100uf        C88       ; 2mmradial   
| 10k          R1        ; 0402        
| 10k          R4        ; 0402        
| 10k          R5        ; 0402        
| 10k          R6        ; 0402        
| 10k          R19       ; 0402        
| 10k          R21       ; 0402        
| 10k          R26       ; 0402        
| 10k          R27       ; 0402        
| 10k          R28       ; 0402        
| 10k          R29       ; 0402        
| 10k          R30       ; 0402        
| 10k          R36       ; 0402        
| 10k          R39       ; 0402        
| 10k          R41       ; 0402        
| 10k          R43       ; 0402        
| 10k          R58       ; 0402        
| 10k          R59       ; 0402        
| 10k          R74       ; 0402        
| 10k          R75       ; 0402        
| 10k          R90       ; 0402        
| 10k          R91       ; 0402        
| 10k          R106      ; 0402        
| 10k          R107      ; 0402        
| 10k          R122      ; 0402        
| 10k          R123      ; 0402        
| 10k          R138      ; 0402        
| 10k          R139      ; 0402        
| 10k          R154      ; 0402        
| 10k          R155      ; 0402        
| 10k          R170      ; 0402        
| 10k          R171      ; 0402        
| 10k          R187      ; 0402        
| 10uf         C3        ; 0603        
| 10uf         C12       ; 0603        
| 10uf         C13       ; 0603        
| 10uf         C14       ; 0805        
| 10uf         C27       ; 0603        
| 10uf         C30       ; 0603        
| 10uf         C32       ; 0603        
| 10uf         C36       ; 0603        
| 10uf         C42       ; 0805        
| 10uf         C44       ; 0603        
| 10uf         C50       ; 0603        
| 10uf         C63       ; 0805        
| 10uf         C76       ; 0805        
| 10uf         C213      ; 0805        
| 10uf         C214      ; 0805        
| 10uf tant    C90       ; 0805        
| 10uf tant    C92       ; 0805        
| 10X100       U17       ; 11x100mil   
| 10X100       U20       ; 11x100mil   
| 12.4k        R20       ; 0603        
| 180          R22       ; 0402        
| 180          R25       ; 0402        
| 180k         R33       ; 0402        
| 180k         R47       ; 0402        
| 18pf         C80       ; 0402        
| 18pf         C82       ; 0402        
| 1uf          C2        ; 0402        
| 1uf          C17       ; 0402        
| 1uf          C21       ; 0402        
| 1uf          C25       ; 0402        
| 1uf          C56       ; 0402        
| 1uf          C57       ; 0402        
| 1uf          C58       ; 0402        
| 1uf          C65       ; 0402        
| 1uf          C66       ; 0402        
| 1uf          C69       ; 0402        
| 1uf          C71       ; 0402        
| 1uf          C73       ; 0402        
| 1uf          C78       ; 0402        
| 1uf          C79       ; 0402        
| 1uf          C81       ; 0402        
| 1uf          C84       ; 0402        
| 1uf          C86       ; 0402        
| 1uf          C91       ; 0402        
| 1uf          C93       ; 0402        
| 1uf          C94       ; 0402        
| 1uf          C95       ; 0402        
| 1uf          C96       ; 0402        
| 1uf          C97       ; 0402        
| 1uf          C98       ; 0402        
| 1uf          C99       ; 0402        
| 1uf          C100      ; 0402        
| 1uf          C101      ; 0402        
| 1uf          C102      ; 0402        
| 1uf          C103      ; 0402        
| 1uf          C104      ; 0402        
| 1uf          C115      ; 0402        
| 1uf          C116      ; 0402        
| 1uf          C117      ; 0402        
| 1uf          C128      ; 0402        
| 1uf          C129      ; 0402        
| 1uf          C130      ; 0402        
| 1uf          C141      ; 0402        
| 1uf          C142      ; 0402        
| 1uf          C143      ; 0402        
| 1uf          C154      ; 0402        
| 1uf          C155      ; 0402        
| 1uf          C156      ; 0402        
| 1uf          C167      ; 0402        
| 1uf          C168      ; 0402        
| 1uf          C169      ; 0402        
| 1uf          C180      ; 0402        
| 1uf          C181      ; 0402        
| 1uf          C182      ; 0402        
| 1uf          C193      ; 0402        
| 1uf          C194      ; 0402        
| 1uf          C195      ; 0402        
| 1uf          C206      ; 0402        
| 1uf          C207      ; 0402        
| 1uf          C208      ; 0402        
| 1uf          C210      ; 0402        
| 1uf          C211      ; 0402        
| 1uf          C212      ; 0402        
| 2.2k         R37       ; 0402        
| 2.2k         R40       ; 0402        
| 22k          R72       ; 0402        
| 22k          R73       ; 0402        
| 22k          R88       ; 0402        
| 22k          R89       ; 0402        
| 22k          R104      ; 0402        
| 22k          R105      ; 0402        
| 22k          R120      ; 0402        
| 22k          R121      ; 0402        
| 22k          R136      ; 0402        
| 22k          R137      ; 0402        
| 22k          R152      ; 0402        
| 22k          R153      ; 0402        
| 22k          R168      ; 0402        
| 22k          R169      ; 0402        
| 22k          R184      ; 0402        
| 22k          R185      ; 0402        
| 25           R9        ; 0402        
| 25           R11       ; 0402        
| 25           R189      ; 0402        
| 25           R190      ; 0402        
| 270          R8        ; 0402        
| 270          R10       ; 0402        
| 2nf          C18       ; 0402        
| 2nf          C31       ; 0402        
| 2nf          C64       ; 0402        
| 2nf          C74       ; 0402        
| 3.3k         R57       ; 0402        
| 3.3k         R62       ; 0402        
| 3.3k         R63       ; 0402        
| 3.3k         R78       ; 0402        
| 3.3k         R79       ; 0402        
| 3.3k         R94       ; 0402        
| 3.3k         R95       ; 0402        
| 3.3k         R110      ; 0402        
| 3.3k         R111      ; 0402        
| 3.3k         R126      ; 0402        
| 3.3k         R127      ; 0402        
| 3.3k         R142      ; 0402        
| 3.3k         R143      ; 0402        
| 3.3k         R158      ; 0402        
| 3.3k         R159      ; 0402        
| 3.3k         R174      ; 0402        
| 3.3k         R175      ; 0402        
| 3.3uh        L1        ; 1210        
| 3.3uh        L3        ; 1210        
| 30k          R3        ; 0402        
| 33           R45       ; 0402        
| 33           R55       ; 0402        
| 33           R56       ; 0402        
| 33uh         L5        ; ELL6        
| 4.5k         R70       ; 0402        
| 4.5k         R71       ; 0402        
| 4.5k         R86       ; 0402        
| 4.5k         R87       ; 0402        
| 4.5k         R102      ; 0402        
| 4.5k         R103      ; 0402        
| 4.5k         R118      ; 0402        
| 4.5k         R119      ; 0402        
| 4.5k         R134      ; 0402        
| 4.5k         R135      ; 0402        
| 4.5k         R150      ; 0402        
| 4.5k         R151      ; 0402        
| 4.5k         R166      ; 0402        
| 4.5k         R167      ; 0402        
| 4.5k         R182      ; 0402        
| 4.5k         R183      ; 0402        
| 5.6k         R68       ; 0402        
| 5.6k         R69       ; 0402        
| 5.6k         R84       ; 0402        
| 5.6k         R85       ; 0402        
| 5.6k         R100      ; 0402        
| 5.6k         R101      ; 0402        
| 5.6k         R116      ; 0402        
| 5.6k         R117      ; 0402        
| 5.6k         R132      ; 0402        
| 5.6k         R133      ; 0402        
| 5.6k         R148      ; 0402        
| 5.6k         R149      ; 0402        
| 5.6k         R164      ; 0402        
| 5.6k         R165      ; 0402        
| 5.6k         R180      ; 0402        
| 5.6k         R181      ; 0402        
| 50           R12       ; 0402        
| 50           R15       ; 0402        
| 50           R16       ; 0402        
| 50           R17       ; 0402        
| 500          R52       ; 0402        
| 500k         R24       ; 0402        
| 500k         R38       ; 0402        
| 500k         R46       ; 0402        
| 500k         R53       ; 0402        
| 500k         R191      ; 0402        
| 50k          R7        ; 0402        
| 50k          R23       ; 0402        
| 50k          R42       ; 0402        
| 50k          R51       ; 0402        
| 56.2         R188      ; 0402        
| 58k          R60       ; 0402        
| 58k          R61       ; 0402        
| 58k          R76       ; 0402        
| 58k          R77       ; 0402        
| 58k          R92       ; 0402        
| 58k          R93       ; 0402        
| 58k          R108      ; 0402        
| 58k          R109      ; 0402        
| 58k          R124      ; 0402        
| 58k          R125      ; 0402        
| 58k          R140      ; 0402        
| 58k          R141      ; 0402        
| 58k          R156      ; 0402        
| 58k          R157      ; 0402        
| 58k          R172      ; 0402        
| 58k          R173      ; 0402        
| 5k           R18       ; 0402        
| 6.8nf        C19       ; 0402        
| 6.8nf        C20       ; 0402        
| 6.8uh        L6        ; 1008        
| 74LCX541     U4        ; TSSOP-20    
| 74LCX541     U18       ; TSSOP-20    
| 74LCX541     U22       ; TSSOP-20    
| 74LV594ADBR  U3        ; TSSOP-16    
| 78250M       U46       ; 78250       
| 7pf          C67       ; 0402        
| 7pf          C70       ; 0402        
| 820k         R66       ; 0402        
| 820k         R67       ; 0402        
| 820k         R82       ; 0402        
| 820k         R83       ; 0402        
| 820k         R98       ; 0402        
| 820k         R99       ; 0402        
| 820k         R114      ; 0402        
| 820k         R115      ; 0402        
| 820k         R130      ; 0402        
| 820k         R131      ; 0402        
| 820k         R146      ; 0402        
| 820k         R147      ; 0402        
| 820k         R162      ; 0402        
| 820k         R163      ; 0402        
| 820k         R178      ; 0402        
| 820k         R179      ; 0402        
| 82k          R49       ; 0402        
| 82k          R50       ; 0402        
| 8X100        U44       ; 8x100mil    
| 8X2X100      U36       ; 2x8x100mil  
| 8X2X100      U37       ; 2x8x100mil  
| ABM10XTAL    U21       ; ABM10       
| ADM3202      U12       ; TSSOP-16    
| ADM6713      U7        ; SC-70-4     
| ADSP_JTAG_CON U19       ; 7x2x100     
| ADUM2400     U39       ; SOICW-16    
| ADUM2400     U40       ; SOICW-16    
| AT45DB081D   U8        ; SOIC-8      
| BAT54A       U26       ; SOT-23      
| BAT54A       U31       ; SOT-23      
| BAT54A       U32       ; SOT-23      
| BAT54A       U108      ; SOT-23      
| BAT54S       U23       ; SOT-23      
| BAT54S       U24       ; SOT-23      
| BAT54S       U45       ; SOT-23      
| BAT54S       U48       ; SOT-23      
| BC847BPN     U58       ; SOT-363     
| BC847BPN     U59       ; SOT-363     
| BC847BPN     U60       ; SOT-363     
| BC847BPN     U61       ; SOT-363     
| BC847BPN     U64       ; SOT-363     
| BC847BPN     U65       ; SOT-363     
| BC847BPN     U66       ; SOT-363     
| BC847BPN     U67       ; SOT-363     
| BC847BPN     U70       ; SOT-363     
| BC847BPN     U71       ; SOT-363     
| BC847BPN     U72       ; SOT-363     
| BC847BPN     U73       ; SOT-363     
| BC847BPN     U76       ; SOT-363     
| BC847BPN     U77       ; SOT-363     
| BC847BPN     U78       ; SOT-363     
| BC847BPN     U79       ; SOT-363     
| BC847BPN     U82       ; SOT-363     
| BC847BPN     U83       ; SOT-363     
| BC847BPN     U84       ; SOT-363     
| BC847BPN     U85       ; SOT-363     
| BC847BPN     U88       ; SOT-363     
| BC847BPN     U89       ; SOT-363     
| BC847BPN     U90       ; SOT-363     
| BC847BPN     U91       ; SOT-363     
| BC847BPN     U94       ; SOT-363     
| BC847BPN     U95       ; SOT-363     
| BC847BPN     U96       ; SOT-363     
| BC847BPN     U97       ; SOT-363     
| BC847BPN     U100      ; SOT-363     
| BC847BPN     U101      ; SOT-363     
| BC847BPN     U102      ; SOT-363     
| BC847BPN     U103      ; SOT-363     
| BF534/6/7    U16       ; MBGA-182    
| CAT32TDI     U28       ; SOT-23-6    
| F2110        F1        ; 1206        
| FAN2001      U5        ; MLP-6       
| FAN2001      U11       ; MLP-6       
| FCI_USB_B    U35       ; FCI_USB_A   
| FDV301N      U13       ; SOT-23      
| ferrite      L2        ; 0603        
| ferrite      L4        ; 0603        
| ferrite      L7        ; 0603        
| INA2322      U62       ; TSSOP-14    
| INA2322      U68       ; TSSOP-14    
| INA2322      U74       ; TSSOP-14    
| INA2322      U80       ; TSSOP-14    
| INA2322      U86       ; TSSOP-14    
| INA2322      U92       ; TSSOP-14    
| INA2322      U98       ; TSSOP-14    
| INA2322      U104      ; TSSOP-14    
| JUMP         U2        ; 2x100mil    
| JUMP         U30       ; 2x100mil    
| JUMP         U43       ; 2x100mil    
| JUMP         U49       ; 2x100mil    
| JUMP         U110      ; 2x100mil    
| JUMP         U111      ; 2x100mil    
| JUMP         U112      ; 2x100mil    
| LAN83C185    U15       ; TQFP-64     
| LED          D5        ; 0603        
| LED          D6        ; 0603        
| MAX253       U47       ; SOIC-8      
| MAX3421E     U29       ; TQFP-32     
| MCP3304      U51       ; SOIC-16     
| MCP3304      U53       ; SOIC-16     
| MCP3304      U55       ; SOIC-16     
| MCP3304      U57       ; SOIC-16     
| MNR18        U50       ; 0603x8      
| MNR18        U52       ; 0603x8      
| MNR18        U54       ; 0603x8      
| MNR18        U56       ; 0603x8      
| MT48LC16M16A2 U10       ; VFBGA-54    
| NDDS336P     Q1        ; SOT-23      
| NDS336P      Q2        ; SOT-23      
| NDS336P      Q3        ; SOT-23      
| NRF24L01-BREAK U6        ; 8x100mil    
| NX3225SA     U106      ; NDK_XTAL    
| NXT_CONN     U25       ; NXT_CONN    
| OPA4348      U63       ; TSSOP-14    
| OPA4348      U69       ; TSSOP-14    
| OPA4348      U75       ; TSSOP-14    
| OPA4348      U81       ; TSSOP-14    
| OPA4348      U87       ; TSSOP-14    
| OPA4348      U93       ; TSSOP-14    
| OPA4348      U99       ; TSSOP-14    
| OPA4348      U105      ; TSSOP-14    
| REG101       U107      ; SOIC-8      
| RS232_CON    U14       ; DB9         
| S8354MC      U27       ; SOT-23-5    
| SFE-MAGJACK  U9        ; SFE-MAGJACK 
| SPI_LCD      U34       ; HIROSE-10   
| TESTCON      U1        ; 7x100mil    
| TLE2426      U109      ; SOIC-8      
| uclamp0501H  D1        ; SOD-523     
| uclamp0501H  D2        ; SOD-523     
| uclamp0501H  D3        ; SOD-523     
| uclamp0501H  D4        ; SOD-523     
| uclamp0501H  D7        ; SOD-523     
| uclamp0501H  D8        ; SOD-523     
| uclamp0501H  D9        ; SOD-523     
| UCLAMP33     D10       ; SOD-323     
| UCLAMP33     D11       ; SOD-323     
| ZENER        D12       ; 0603        
| ZR4040-2.5   U42       ; SOT-23      
#End Cmp

#End List
