EESchema (20080825c)  >> Creation date: 11/8/2009-19:36:54

#Cmp ( order = Value )
| 0.1uF        C1        
| 0.1uF        C2        
| 0.1uF        C3        
| 0.1uF        C4        
| 0.1uF        C5        
| 0.1uF        C6        
| 0.1uF        C7        
| 0.1uF        C8        
| 0.1uF        C10       
| 0.1uF        C11       
| 0.1uF        C12       
| 0.1uF        C13       
| 0.1uF        C15       
| 0.1uF        C16       
| 0.1uF        C22       
| 0.1uF        C23       
| 0.1uF        C24       
| 0.1uF        C25       
| 0.1uF        C26       
| 0.1uF        C27       
| 0.1uF        C28       
| 0.1uF        C29       
| 0.1uF        C30       
| 0.1uF        C34       
| 0.1uF        C35       
| 0.1uF        C36       
| 0.1uF        C37       
| 0.1uF        C39       
| 0.1uF        C41       
| 0.1uF        C46       
| 0.1uF        C47       
| 0.1uF        C48       
| 0.2uf        C19       
| 0.2uF        C43       
| 0.2uF        C44       
| 0.2uF        C45       
| 1.5nf        C18       
| 1.5nf        C20       
| 1.5nf        C21       
| 1.5nF        C31       
| 1.5nF        C32       
| 1.5nF        C33       
| 1.5nF        C38       
| 1.5nF        C40       
| 1.5nF        C42       
| 1.5nf        C49       
| 1.5nf        C50       
| 1.5nf        C51       
| 100k         R15       
| 100k         R28       
| 100k         R29       
| 100k         R30       
| 10k          R2        
| 10k          R8        
| 10k          R11       
| 10k          R12       
| 10k          R22       
| 10k          R23       
| 10k          R24       
| 10k          R31       
| 10k          R32       
| 10k          R33       
| 10uf         C9        
| 10uf         C14       
| 120k         R10       
| 120k         R13       
| 120k         R14       
| 120k         R34       
| 120k         R35       
| 120k         R36       
| 190k         R5        
| 1k           R4        
| 2.2k         R16       
| 2.2k         R17       
| 2.2k         R18       
| 2.2k         R19       
| 2.2k         R20       
| 2.2k         R21       
| 200k         R25       
| 200k         R26       
| 200k         R27       
| 20k          RV1       
| 20k          RV2       
| 20k          RV3       
| 220pf        C17       
| 2k           R1        
| 3.3k         R3        
| 3.3k         R7        
| 3.3k         R9        
| 330k         R6        
| AD8220       U25       
| AD8221AR     U24       
| AD8236       U26       
| AUDIO_JACK   U13       
| INA116       U4        
| INA331       U7        
| JUMP         U1        
| JUMP         U2        
| JUMP         U3        
| JUMP         U14       
| JUMP         U15       
| JUMP         U16       
| JUMP         U17       
| JUMP         U18       
| JUMP         U19       
| JUMP         U20       
| JUMP         U21       
| JUMP         U22       
| JUMP         U30       
| JUMP         U31       
| JUMP         U32       
| JUMP         U35       
| JUMP         U36       
| JUMP         U37       
| JUMP         U38       
| JUMP         U39       
| JUMP         U40       
| LM4808       U8        
| MAX4208      U5        
| OPA2348      U9        
| OPA2348      U10       
| OPA2348      U11       
| OPA2348      U23       
| OPA2348      U27       
| OPA2348      U28       
| OPA2348      U29       
| OPA2348      U33       
| OPA2348      U34       
| TPS72301     U12       
| TPS73025     U6        
#End Cmp

#End List
